// Vitest Snapshot v1, https://vitest.dev/guide/snapshot.html

exports[`barrel export contract > platform/integration export surface is stable 1`] = `
[
  "DEFAULT_PROVIDER_CONFIG",
  "EmbeddingProviderType",
  "createDefaultContextEngine",
  "embeddingProviderFactory",
  "generateBatchEmbeddings",
  "generateEmbedding",
  "getChannelFactory",
  "getEmbeddingProvider",
  "getRegisteredChannelNames",
  "registerChannel",
]
`;

exports[`barrel export contract > platform/persistence export surface is stable 1`] = `
[
  "addCapsuleToChain",
  "addEvolutionFeedback",
  "addGeneToChain",
  "beginTransaction",
  "cleanupOperationSnapshots",
  "commit",
  "createAbilityChain",
  "createAgent",
  "createBotIdentity",
  "createCapsule",
  "createChannelInstance",
  "createCollaborationTask",
  "createEcosystemMetrics",
  "createEvolutionEntry",
  "createLearningResult",
  "createLearningTask",
  "createMemory",
  "createOperationSnapshot",
  "createOrUpdateUserProfile",
  "createReflection",
  "createScheduledTaskForLearning",
  "createTask",
  "createTeamCollaborationState",
  "createTeamState",
  "createValidationReport",
  "deactivateAgent",
  "deactivateChannelInstance",
  "deleteBotIdentity",
  "deleteCollaborationTask",
  "deleteMemory",
  "deleteOperationSnapshot",
  "deleteTask",
  "deleteTeamCollaborationState",
  "deleteTeamState",
  "getAbilityChain",
  "getAgentByFolder",
  "getAgentById",
  "getAllActiveAgents",
  "getAllBotIdentities",
  "getAllChats",
  "getAllCollaborationTasks",
  "getAllMemories",
  "getAllRegisteredGroups",
  "getAllSessions",
  "getAllTasks",
  "getAllTeamStates",
  "getApprovedEvolutionEntries",
  "getAuditLogs",
  "getBotIdentityByChatJid",
  "getCapsuleById",
  "getCapsulesByGeneId",
  "getChannelInstanceById",
  "getChannelInstanceByJid",
  "getChannelInstancesForAgent",
  "getCollaborationTaskById",
  "getDueTasks",
  "getDuplicateEvolutionEntry",
  "getDuplicateMemory",
  "getEcosystemMetrics",
  "getEvolutionEntriesByCategory",
  "getEvolutionEntriesByStatus",
  "getEvolutionEntry",
  "getEvolutionEntryByAssetId",
  "getLastGroupSync",
  "getLearningResult",
  "getLearningResultsByAgent",
  "getLearningTask",
  "getLearningTasksByAgent",
  "getMemories",
  "getMessagesSince",
  "getNewMessages",
  "getOperationSnapshotByOperationId",
  "getOperationSnapshots",
  "getRecentLearningResults",
  "getRecentMessagesWithinWindow",
  "getReflectionsByAgent",
  "getRegisteredGroup",
  "getRouterState",
  "getSession",
  "getTaskById",
  "getTasksForGroup",
  "getTeamCollaborationStateById",
  "getTeamStateById",
  "getUserMemories",
  "getUserProfile",
  "getValidationReportsByGeneId",
  "incrementMemoryAccess",
  "logAudit",
  "logTaskRun",
  "rollback",
  "setLastGroupSync",
  "setRegisteredGroup",
  "setRouterState",
  "setSession",
  "sqlite",
  "storeChatMetadata",
  "storeMessage",
  "storeMessageDirect",
  "transaction",
  "updateAbilityChain",
  "updateAgent",
  "updateBotIdentity",
  "updateCapsuleSuccessStreak",
  "updateChatName",
  "updateCollaborationTask",
  "updateEvolutionStatus",
  "updateGeneChainId",
  "updateGeneGDIScore",
  "updateGeneStatus",
  "updateLearningTask",
  "updateMemory",
  "updateOperationSnapshot",
  "updateTask",
  "updateTaskAfterRun",
  "updateTeamCollaborationState",
  "updateTeamState",
]
`;

exports[`barrel export contract > platform/persistence export surface is stable 2`] = `
[
  "beginTransaction",
  "commit",
  "getDatabase",
  "initializeSchemaTables",
  "migrateJsonState",
  "rollback",
  "setDatabase",
  "transaction",
]
`;

exports[`barrel export contract > shared/config export surface is stable 1`] = `
[
  "ASSISTANT_HAS_OWN_NUMBER",
  "ASSISTANT_NAME",
  "COLLABORATION_CONFIG",
  "CONTAINER_ALLOW_HOST_GATEWAY",
  "CONTAINER_IMAGE",
  "CONTAINER_MAX_OUTPUT_SIZE",
  "CONTAINER_NETWORK_MODE",
  "CONTAINER_TIMEOUT",
  "DATA_DIR",
  "EVOLUTION_CONFIG",
  "GROUPS_DIR",
  "IDLE_TIMEOUT",
  "IPC_POLL_INTERVAL",
  "MAX_CONCURRENT_CONTAINERS",
  "MEMORY_CONFIG",
  "MOUNT_ALLOWLIST_PATH",
  "POLL_INTERVAL",
  "RUNTIME_API_CONFIG",
  "SCHEDULER_POLL_INTERVAL",
  "SECURITY_CONFIG",
  "SENDER_ALLOWLIST_PATH",
  "STORE_DIR",
  "TIMEZONE",
  "TRIGGER_PATTERN",
  "escapeRegex",
  "isCommandAllowed",
  "validateAllConfig",
  "validateBoolean",
  "validateConfig",
  "validateInteger",
  "validatePath",
  "validateString",
]
`;

exports[`barrel export contract > shared/kernel export surface is stable 1`] = `
[
  "AppError",
  "ValidationError",
  "isNonEmptyString",
  "logger",
  "toErrorMessage",
]
`;
